../Core/Src/main.c:93:6:Rain_sensor	8	static
../Core/Src/main.c:101:6:Ultrasonic_distance	8	static
../Core/Src/main.c:112:6:HAL_TIM_IC_CaptureCallback	16	static
../Core/Src/main.c:147:6:microDelay	16	static
../Core/Src/main.c:153:9:DHT22_Start	32	static
../Core/Src/main.c:182:9:DHT22_Read	16	static
../Core/Src/main.c:206:6:Read_dht22	8	static
../Core/Src/main.c:235:5:main	176	static
../Core/Src/main.c:358:6:SystemClock_Config	88	static
../Core/Src/main.c:401:13:MX_ADC1_Init	24	static
../Core/Src/main.c:450:13:MX_CAN1_Init	8	static
../Core/Src/main.c:485:13:MX_I2C1_Init	8	static
../Core/Src/main.c:517:13:MX_TIM1_Init	32	static
../Core/Src/main.c:560:13:MX_TIM4_Init	48	static
../Core/Src/main.c:613:13:MX_GPIO_Init	48	static
../Core/Src/main.c:647:6:Error_Handler	4	static,ignoring_inline_asm
